
> pamimo-portfolio@1.0.0 build
> next build

  Γû▓ Next.js 14.2.35
  - Environments: .env.local

   Creating an optimized production build ...
 Γ£ô Compiled successfully
   Linting and checking validity of types ...

./components/game/StoryMode.tsx
70:8  Warning: React Hook useCallback has an unnecessary dependency: 'onSelectProject'. Either exclude it or remove the dependency array.  react-hooks/exhaustive-deps
98:8  Warning: React Hook useCallback has a missing dependency: 'blogModal'. Either include it or remove the dependency array.  react-hooks/exhaustive-deps
178:8  Warning: React Hook useEffect has missing dependencies: 'physics.cameraRef', 'physics.canvasRef', and 'physics.interactionTarget'. Either include them or remove the dependency array.  react-hooks/exhaustive-deps

info  - Need to disable some ESLint rules? Learn more here: https://nextjs.org/docs/basic-features/eslint#disabling-rules
   Collecting page data ...
node.exe : 
At line:1 char:1
+ & "C:\Program Files
\nodejs/node.exe" 
"C:\Program 
Files\nodejs/node_mo 
...
+ ~~~~~~~~~~~~~~~~~~~
~~~~~~~~~~~~~~~~~~~~~
~~~~~~~~~~~~~~~~~~~~~
~~~~~~~~
    + CategoryInfo   
           : NotSpe  
  cified: (:String   
 ) [], RemoteExce    
ption
    + FullyQualified 
   ErrorId : Native  
  CommandError
 
> Server Actions are 
not supported with 
static export.
